[2026-09-10 18:22:47] [37m[1mINFO    [0m[1m[pgrepair.workload][0m [35mLoading workload from file /Users/sebastiengracia/dev/corrige/workloads/eurlex-labels.toml[0m
[2026-09-10 18:22:47] [37m[1mINFO    [0m[1m[pgrepair.cli   ][0m [35mDisabling disk-cache as requested[0m
[2026-09-10 18:22:47] [37m[1mINFO    [0m[1m[pgrepair.neo4j_utilities][0m [35mConnecting to database neo4j at neo4j://localhost:7687[0m
[2026-09-10 18:22:47] [37m[1mINFO    [0m[1m[pgrepair.neo4j_utilities][0m [35mAuthenticating as user neo4j[0m
[2026-09-10 18:22:47] [37m[1mINFO    [0m[1m[pgrepair.neo4j_utilities][0m [35mDatabase connection established and verified.[0m
[2026-09-10 18:22:47] [33m[1mWARNING [0m[1m[pgrepair.neo4j_utilities][0m [35mGDS is not available.[0m
[2026-09-10 18:22:47] [37m[1mINFO    [0m[1m[pgrepair.cleaning][0m [35mUsing workload EUR-Lex law L6: the type label matches the CELEX[0m
[2026-09-10 18:22:47] [37m[1mINFO    [0m[1m[pgrepair.workload][0m [35mReseting random seed for EUR-Lex law L6: the type label matches the CELEX[0m
[2026-09-10 18:22:47] [37m[1mINFO    [0m[1m[pgrepair.cleaning][0m [35mQuerying for conflicts and constructing hypergraph.[0m
[2026-09-10 18:22:47] [37m[1mINFO    [0m[1m[pgrepair.cleaning.conflict_collectors][0m [35mCollecting conflicts (constraint 1/8)[0m
[2026-09-10 18:22:47] [37m[1mINFO    [0m[1m[pgrepair.cleaning.conflict_collectors][0m [35mCollecting conflicts (constraint 2/8)[0m
[2026-09-10 18:22:47] [37m[1mINFO    [0m[1m[pgrepair.cleaning.conflict_collectors][0m [35mCollecting conflicts (constraint 3/8)[0m
[2026-09-10 18:22:47] [37m[1mINFO    [0m[1m[pgrepair.cleaning.conflict_collectors][0m [35mCollecting conflicts (constraint 4/8)[0m
[2026-09-10 18:22:47] [37m[1mINFO    [0m[1m[pgrepair.cleaning.conflict_collectors][0m [35mCollecting conflicts (constraint 5/8)[0m
[2026-09-10 18:22:47] [37m[1mINFO    [0m[1m[pgrepair.cleaning.conflict_collectors][0m [35mCollecting conflicts (constraint 6/8)[0m
[2026-09-10 18:22:47] [37m[1mINFO    [0m[1m[pgrepair.cleaning.conflict_collectors][0m [35mCollecting conflicts (constraint 7/8)[0m
[2026-09-10 18:22:47] [37m[1mINFO    [0m[1m[pgrepair.cleaning.conflict_collectors][0m [35mCollecting conflicts (constraint 8/8)[0m
[2026-09-10 18:22:47] [37m[1mINFO    [0m[1m[pgrepair.cleaning.scipy_ilp_cleaner][0m [35mInitializing ILP solver.[0m
[2026-09-10 18:22:47] [37m[1mINFO    [0m[1m[pgrepair.cleaning.scipy_ilp_cleaner][0m [35mRunning solver.[0m
/Users/sebastiengracia/Mes claudes/Banc à vérité connue/pgrepair-bonifati/pgrepair/src/pgrepair/cleaning/scipy_ilp_cleaner.py:63: OptimizeWarning: Unrecognized options detected: {'tol': 1e-10}. These will be passed to HiGHS verbatim.
  res = scipy.optimize.linprog(
/Users/sebastiengracia/Mes claudes/Banc à vérité connue/pgrepair-bonifati/pgrepair/.venv/lib/python3.12/site-packages/scipy/optimize/_linprog_highs.py:355: OptimizeWarning: Unrecognized options detected: {'tol': 1e-10}
  res = _highs_wrapper(c, A.indptr, A.indices, A.data, lhs, rhs,
[2026-09-10 18:22:47] [37m[1mINFO    [0m[1m[pgrepair.cleaning.solution][0m [35mSciPyWeightedILP cleaner found a solution with weight 34392[0m
[2026-09-10 18:22:47] [37m[1mINFO    [0m[1m[pgrepair.cleaning][0m [35mRepairing by deleting 0 edge(s), 3930 node(s), 0 labels[0m
[2026-09-10 18:22:47] [37m[1mINFO    [0m[1m[pgrepair.cleaning][0m [35mValidating repair[0m
[2026-09-10 18:22:47] [31m[1mERROR   [0m[1m[pgrepair.cleaning][0m [35mDetected conflict after repair[0m
[2026-09-10 18:22:47] [31m[1mERROR   [0m[1m[pgrepair.cleaning][0m [35mDetected conflict after repair[0m
[2026-09-10 18:22:47] [31m[1mERROR   [0m[1m[pgrepair.cleaning][0m [35mDetected conflict after repair[0m
[2026-09-10 18:22:47] [31m[1mERROR   [0m[1m[pgrepair.cleaning][0m [35mDetected conflict after repair[0m
[2026-09-10 18:22:47] [31m[1mERROR   [0m[1m[pgrepair.cleaning][0m [35mDetected conflict after repair[0m
[2026-09-10 18:22:47] [31m[1mERROR   [0m[1m[pgrepair.cleaning][0m [35mDetected conflict after repair[0m
[2026-09-10 18:22:47] [31m[1mERROR   [0m[1m[pgrepair.cleaning][0m [35mDetected conflict after repair[0m
[2026-09-10 18:22:47] [31m[1mERROR   [0m[1m[pgrepair.cleaning][0m [35mDetected conflict after repair[0m
[2026-09-10 18:22:47] [37m[1mINFO    [0m[1m[pgrepair.neo4j_utilities][0m [35mDropping database connection.[0m
